// Jest Snapshot v1, https://goo.gl/fbAQLP

exports[`Lists component test Snapshot of Lists 1`] = `
<DocumentFragment>
  <div
    class="sc-bdnylx isvsjk"
  >
    <div
      class="sc-gtssRu jpGsWG"
    >
      <a
        class="sc-dlnjPT sc-gKAblj sc-iCoHVE btVOhm iYvDKD dfaScl"
        href="/"
      >
        Volver a Home
      </a>
      <div
        class="list-img"
      />
      <div
        class="list-search-input"
      >
        <input
          id="search-list"
          name="search-list"
          type="text"
          value=""
        />
      </div>
      <div
        class="list-radios"
      >
        <div
          class="single-list-radio"
        >
          <div
            class="list-radio-wrapper radio-ticked"
            id="nombre"
          >
            <div
              class="list-radio-tick"
            />
          </div>
          <label
            data-testid="tipo"
            for="tipo"
          >
            Nombre
          </label>
        </div>
        <div
          class="single-list-radio"
        >
          <div
            class="list-radio-wrapper "
            id="tipo"
          >
            <div
              class="list-radio-tick"
            />
          </div>
          <label
            for="tipo"
          >
            Tipo
          </label>
        </div>
      </div>
      <div
        class="list-sorting"
      >
        <p
          class="sort-asc"
          data-testid="list-sorting"
        >
          Ordenando de forma 
          <span>
            ascendente
          </span>
        </p>
      </div>
    </div>
    <div
      class="sc-kEqYlL cHyWym"
    />
  </div>
</DocumentFragment>
`;
